<2026-10-03T18:00:00.000Z> BackupNameAttachment=" Build(12660092) 03 Oct 26 (20 00 00)"  -- used by backup system
<2026-10-03T18:00:00.000Z> Log started on Sat Oct  3 18:00:00 2026
<2026-10-03T18:00:00.000Z> Executable: C:\Program Files\Roberts Space Industries\StarCitizen\LIVE\Bin64\StarCitizen.exe
<2026-10-03T18:00:00.000Z> FileVersion: 4.10.193.11644
<2026-10-03T18:00:01.000Z> [Notice] <Socket Send Error (Ignore)> socket buffer full, retrying [Team_Network]
<2026-10-03T18:00:01.000Z> [Notice] <CPU Particle Limit reached> Particle budget exceeded for effect 'fx_dust_generic' [Team_VFX]
<2026-10-03T18:00:01.000Z> [Notice] <CPU Particle Limit reached> Particle budget exceeded for effect 'fx_dust_generic' [Team_VFX]
<2026-10-03T18:00:01.000Z> [Notice] <Socket Send Error (Ignore)> socket buffer full, retrying [Team_Network]
<2026-10-03T18:00:01.000Z> [Notice] <AttachmentReceived> Player[DemoPilot] Attachment[body_01, utility_flashlight_01, 830000000123] Status[persistent] Port[utility_attach] [Team_ActorFeatures]
<2026-10-03T18:00:01.000Z> [Notice] <Query Inventory> Querying inventory for container [Team_CoreGameplayFeatures][Inventory]
<2026-10-03T18:00:12.000Z> [Notice] <Legacy login response> [CIG-net] User Login Success - Handle[DemoPilot] - Time[100000000] [Team_GameServices][Login]
<2026-10-03T18:00:16.000Z> [Notice] <Expect Incoming Connection> session=0000 node_id=0000 nickname="DemoPilot" playerGEID=200000000001 [Team_Network]
<2026-10-03T18:00:18.000Z> [Notice] <Query Inventory> Querying inventory for container [Team_CoreGameplayFeatures][Inventory]
<2026-10-03T18:00:18.000Z> [Notice] <Socket Send Error (Ignore)> socket buffer full, retrying [Team_Network]
<2026-10-03T18:00:30.000Z> [Notice] <Join PU> address[192.0.2.10] port[64321] shard[pub_euw1b_12660092_100] locationId[-1] [Team_GameServices][GIM][Matchmaking]
<2026-10-03T18:00:31.000Z> [Notice] <Socket Send Error (Ignore)> socket buffer full, retrying [Team_Network]
<2026-10-03T18:00:48.000Z> [Notice] <Context Establisher Done> establisher="Network" runningTime=12.1 map="megamap" gamerules="SC_Default" sessionId="demo" [Team_Network]
<2026-10-03T18:00:49.000Z> [CSessionManager::OnClientSpawned] Spawned!
<2026-10-03T18:00:52.000Z> [Notice] <RequestLocationInventory> Player[DemoPilot] requested inventory for Location[RR_P3_LEO] [Team_CoreGameplayFeatures][Inventory]
<2026-10-03T18:00:53.000Z> [Notice] <SHUDEvent_OnNotification> Added notification "Entering Armistice Zone - Combat Prohibited: " [1] to queue. New queue size: 1, MissionId: [00000000-0000-0000-0000-000000000000], ObjectiveId: [] [Team_CoreGameplayFeatures][Missions][Comms]
<2026-10-03T18:00:53.000Z>    "Entering Armistice Zone - Combat Prohibited: " [1]
<2026-10-03T18:00:54.000Z> [Notice] <SHUDEvent_OnNotification> Added notification "Entered Rough & Ready Jurisdiction: " [2] to queue. New queue size: 1, MissionId: [00000000-0000-0000-0000-000000000000], ObjectiveId: [] [Team_CoreGameplayFeatures][Missions][Comms]
<2026-10-03T18:00:54.000Z>    "Entered Rough & Ready Jurisdiction: " [2]
<2026-10-03T18:00:55.000Z> [Notice] <ContextEstablisherTaskFinished> Task finished in 0.004s [Team_Network][Network]
<2026-10-03T18:01:10.000Z> [Notice] <SHUDEvent_OnNotification> Added notification "Party
<2026-10-03T18:01:10.000Z> NovaRider connected.: " [3] to queue. New queue size: 1, MissionId: [00000000-0000-0000-0000-000000000000], ObjectiveId: [] [Team_CoreGameplayFeatures][Missions][Comms]
<2026-10-03T18:01:10.000Z>    "Party
<2026-10-03T18:01:15.000Z> [Notice] <SHUDEvent_OnNotification> Added notification "NovaRider
<2026-10-03T18:01:15.000Z> Party Invite Received: Accept Invitation?: " [4] to queue. New queue size: 1, MissionId: [00000000-0000-0000-0000-000000000000], ObjectiveId: [] [Team_CoreGameplayFeatures][Missions][Comms]
<2026-10-03T18:01:15.000Z>    "NovaRider
<2026-10-03T18:01:22.000Z> [Notice] <SHUDEvent_OnNotification> Added notification "You have joined
<2026-10-03T18:01:22.000Z> party: " [5] to queue. New queue size: 1, MissionId: [00000000-0000-0000-0000-000000000000], ObjectiveId: [] [Team_CoreGameplayFeatures][Missions][Comms]
<2026-10-03T18:01:22.000Z>    "You have joined
<2026-10-03T18:01:30.000Z> [Notice] <CPU Particle Limit reached> Particle budget exceeded for effect 'fx_dust_generic' [Team_VFX]
<2026-10-03T18:01:30.000Z> [Notice] <CPU Particle Limit reached> Particle budget exceeded for effect 'fx_dust_generic' [Team_VFX]
<2026-10-03T18:01:30.000Z> [Notice] <CPU Particle Limit reached> Particle budget exceeded for effect 'fx_dust_generic' [Team_VFX]
<2026-10-03T18:01:30.000Z> [Notice] <Query Inventory> Querying inventory for container [Team_CoreGameplayFeatures][Inventory]
<2026-10-03T18:02:00.000Z> [Notice] <CEntityComponentShopUIProvider::SendShopBuyRequest> Sending SShopBuyRequest - playerId[200000000001] shopId[1] shopName[SCShop_Pyro_RestStop_Pharmacy-004] kioskId[2] client_price[1325.000000] itemClassGUID[x] itemName[crlf_consumable_healing_01] quantity[5] [Team_CoreGameplayFeatures][Shops]
<2026-10-03T18:02:01.000Z> [Notice] <CEntityComponentShopUIProvider::RmShopFlowResponse> Received ShopFlowResponse - playerId[200000000001] shopId[1] shopName[SCShop_Pyro_RestStop_Pharmacy-004] kioskId[2] kioskState[BuyRequestProcessing] result[Success] type[Buying] [Team_CoreGameplayFeatures][Shops]
<2026-10-03T18:02:02.000Z> [Notice] <ContextEstablisherTaskFinished> Task finished in 0.004s [Team_Network][Network]
<2026-10-03T18:02:02.000Z> [Notice] <ContextEstablisherTaskFinished> Task finished in 0.004s [Team_Network][Network]
<2026-10-03T18:02:20.000Z> [Notice] <SHUDEvent_OnNotification> Added notification "Contract Shared: Hostile Takeover <EM4>[250 Rep] [BP]</EM4>: " [6] to queue. New queue size: 1, MissionId: [00000000-0000-0000-0000-000000000000], ObjectiveId: [] [Team_CoreGameplayFeatures][Missions][Comms]
<2026-10-03T18:02:20.000Z>    "Contract Shared: Hostile Takeover <EM4>[250 Rep] [BP]</EM4>: " [6]
<2026-10-03T18:02:22.000Z> [Notice] <SHUDEvent_OnNotification> Added notification "Contract Accepted: Hostile Takeover: " [7] to queue. New queue size: 1, MissionId: [5e3a1c2d-0b7e-4f1a-9c3d-2a6b8e4f1d07], ObjectiveId: [] [Team_CoreGameplayFeatures][Missions][Comms]
<2026-10-03T18:02:22.000Z>    "Contract Accepted: Hostile Takeover: " [7]
<2026-10-03T18:02:23.000Z> [Notice] <SHUDEvent_OnNotification> Added notification "New Objective: Travel to the outpost: " [8] to queue. New queue size: 1, MissionId: [00000000-0000-0000-0000-000000000000], ObjectiveId: [] [Team_CoreGameplayFeatures][Missions][Comms]
<2026-10-03T18:02:23.000Z>    "New Objective: Travel to the outpost: " [8]
<2026-10-03T18:02:40.000Z> [Notice] <SHUDEvent_OnNotification> Added notification "Hangar Request Completed: " [9] to queue. New queue size: 1, MissionId: [00000000-0000-0000-0000-000000000000], ObjectiveId: [] [Team_CoreGameplayFeatures][Missions][Comms]
<2026-10-03T18:02:40.000Z>    "Hangar Request Completed: " [9]
<2026-10-03T18:02:41.000Z> [Notice] <ContextEstablisherTaskFinished> Task finished in 0.004s [Team_Network][Network]
<2026-10-03T18:03:05.000Z> [Notice] <SHUDEvent_OnNotification> Added notification "You have joined channel 'Drake Cutlass Black : DemoPilot'.
<2026-10-03T18:03:05.000Z> : " [10] to queue. New queue size: 1, MissionId: [00000000-0000-0000-0000-000000000000], ObjectiveId: [] [Team_CoreGameplayFeatures][Missions][Comms]
<2026-10-03T18:03:05.000Z>    "You have joined channel 'Drake Cutlass Black : DemoPilot'.
<2026-10-03T18:03:06.000Z> [Notice] <Socket Send Error (Ignore)> socket buffer full, retrying [Team_Network]
<2026-10-03T18:03:06.000Z> [Notice] <Socket Send Error (Ignore)> socket buffer full, retrying [Team_Network]
<2026-10-03T18:03:20.000Z> [Notice] <SHUDEvent_OnNotification> Added notification "Leaving Armistice Zone - Caution Advised: " [11] to queue. New queue size: 1, MissionId: [00000000-0000-0000-0000-000000000000], ObjectiveId: [] [Team_CoreGameplayFeatures][Missions][Comms]
<2026-10-03T18:03:20.000Z>    "Leaving Armistice Zone - Caution Advised: " [11]
<2026-10-03T18:03:25.000Z> [Notice] <SHUDEvent_OnNotification> Added notification "Entered Ungoverned Jurisdiction: " [12] to queue. New queue size: 1, MissionId: [00000000-0000-0000-0000-000000000000], ObjectiveId: [] [Team_CoreGameplayFeatures][Missions][Comms]
<2026-10-03T18:03:25.000Z>    "Entered Ungoverned Jurisdiction: " [12]
<2026-10-03T18:03:31.000Z> [Notice] <SHUDEvent_OnNotification> Added notification "Entered Rough & Ready Jurisdiction: " [13] to queue. New queue size: 1, MissionId: [00000000-0000-0000-0000-000000000000], ObjectiveId: [] [Team_CoreGameplayFeatures][Missions][Comms]
<2026-10-03T18:03:31.000Z>    "Entered Rough & Ready Jurisdiction: " [13]
<2026-10-03T18:03:34.000Z> [Notice] <SHUDEvent_OnNotification> Added notification "Entered Ungoverned Jurisdiction: " [14] to queue. New queue size: 1, MissionId: [00000000-0000-0000-0000-000000000000], ObjectiveId: [] [Team_CoreGameplayFeatures][Missions][Comms]
<2026-10-03T18:03:34.000Z>    "Entered Ungoverned Jurisdiction: " [14]
<2026-10-03T18:04:00.000Z> [Notice] <Player Requested Fuel to Quantum Target - Server Routing> [ItemNavigation][CL][100] | NOT AUTH | DRAK_Cutlass_Black_850000000001[850000000001]|CSCItemNavigation::OnPlayerRequestFuelToQuantumTarget|Player has requested fuel calculation to destination RR_P2_L4 [Team_CGP4][QuantumTravel]
<2026-10-03T18:04:01.000Z> [Notice] <Player Selected Quantum Target - Local> [ItemNavigation][CL][100] | NOT AUTH | DRAK_Cutlass_Black_850000000001[850000000001]|CSCItemNavigation::OnPlayerSelectedQuantumTarget|Player has selected point rs_ext_pyro2_l4 as their destination, routing locally [Team_CGP4][QuantumTravel]
<2026-10-03T18:04:01.000Z> [Notice] <Calculate Route> [ItemNavigation][CL][100] | NOT AUTH | DRAK_Cutlass_Black_850000000001[850000000001]|CSCItemNavigation::CalculateRoute|Projected Start Location is Orbituary for route to destination rs_ext_pyro2_l4 [Team_CGP4][QuantumTravel]
<2026-10-03T18:04:10.000Z> [Notice] <SHUDEvent_OnNotification> Added notification "Quantum Travel Calibration Started By NovaRider: " [15] to queue. New queue size: 1, MissionId: [00000000-0000-0000-0000-000000000000], ObjectiveId: [] [Team_CoreGameplayFeatures][Missions][Comms]
<2026-10-03T18:04:10.000Z>    "Quantum Travel Calibration Started By NovaRider: " [15]
<2026-10-03T18:04:22.000Z> [Notice] <SHUDEvent_OnNotification> Added notification "Quantum Travel Calibration Complete By NovaRider: " [16] to queue. New queue size: 1, MissionId: [00000000-0000-0000-0000-000000000000], ObjectiveId: [] [Team_CoreGameplayFeatures][Missions][Comms]
<2026-10-03T18:04:22.000Z>    "Quantum Travel Calibration Complete By NovaRider: " [16]
<2026-10-03T18:04:23.000Z> [Notice] <Socket Send Error (Ignore)> socket buffer full, retrying [Team_Network]
<2026-10-03T18:04:23.000Z> [Notice] <ContextEstablisherTaskFinished> Task finished in 0.004s [Team_Network][Network]
<2026-10-03T18:04:23.000Z> [Warning] <InitializeSlotMetadata_Failed> Slot metadata missing for port 'hardpoint_util_01' [Team_Vehicles]
<2026-10-03T18:04:23.000Z> [Notice] <Query Inventory> Querying inventory for container [Team_CoreGameplayFeatures][Inventory]
<2026-10-03T18:04:23.000Z> [Warning] <InitializeSlotMetadata_Failed> Slot metadata missing for port 'hardpoint_util_01' [Team_Vehicles]
<2026-10-03T18:04:23.000Z> [Notice] <ContextEstablisherTaskFinished> Task finished in 0.004s [Team_Network][Network]
<2026-10-03T18:05:30.000Z> [Notice] <Quantum Drive Arrived - Arrived at Final Destination> [ItemNavigation][CL][100] | NOT AUTH | DRAK_Cutlass_Black_850000000001[850000000001]|CSCItemNavigation::OnQuantumDriveArrived|Quantum Drive has arrived at final destination [Team_CGP4][QuantumTravel]
<2026-10-03T18:05:35.000Z> [Notice] <SHUDEvent_OnNotification> Added notification "Entering Armistice Zone - Combat Prohibited: " [17] to queue. New queue size: 1, MissionId: [00000000-0000-0000-0000-000000000000], ObjectiveId: [] [Team_CoreGameplayFeatures][Missions][Comms]
<2026-10-03T18:05:35.000Z>    "Entering Armistice Zone - Combat Prohibited: " [17]
<2026-10-03T18:06:40.000Z> [Notice] <SHUDEvent_OnNotification> Added notification "Party
<2026-10-03T18:06:40.000Z> Wingman_Alpha connected.: " [18] to queue. New queue size: 1, MissionId: [00000000-0000-0000-0000-000000000000], ObjectiveId: [] [Team_CoreGameplayFeatures][Missions][Comms]
<2026-10-03T18:06:40.000Z>    "Party
<2026-10-03T18:06:42.000Z> [Notice] <SHUDEvent_OnNotification> Added notification "New Member Joined
<2026-10-03T18:06:42.000Z> Wingman_Alpha has joined the channel 'Drake Cutlass Black : DemoPilot'.: " [19] to queue. New queue size: 1, MissionId: [00000000-0000-0000-0000-000000000000], ObjectiveId: [] [Team_CoreGameplayFeatures][Missions][Comms]
<2026-10-03T18:06:42.000Z>    "New Member Joined
<2026-10-03T18:06:43.000Z> [Error] <Invalid path> Could not resolve asset path 'Data/Objects/placeholder.cgf' [Team_Engine]
<2026-10-03T18:06:43.000Z> [Error] <Invalid path> Could not resolve asset path 'Data/Objects/placeholder.cgf' [Team_Engine]
<2026-10-03T18:06:43.000Z> [Notice] <CPU Particle Limit reached> Particle budget exceeded for effect 'fx_dust_generic' [Team_VFX]
<2026-10-03T18:07:40.000Z> [Notice] <SHUDEvent_OnNotification> Added notification "Leaving Armistice Zone - Caution Advised: " [20] to queue. New queue size: 1, MissionId: [00000000-0000-0000-0000-000000000000], ObjectiveId: [] [Team_CoreGameplayFeatures][Missions][Comms]
<2026-10-03T18:07:40.000Z>    "Leaving Armistice Zone - Caution Advised: " [20]
<2026-10-03T18:07:50.000Z> [Notice] <Player Selected Quantum Target - Local> [ItemNavigation][CL][100] | NOT AUTH | DRAK_Cutlass_Black_850000000001[850000000001]|CSCItemNavigation::OnPlayerSelectedQuantumTarget|Player has selected point NavPoint_Dynamic_830000000555 as their destination, routing locally [Team_CGP4][QuantumTravel]
<2026-10-03T18:07:50.000Z> [Notice] <Calculate Route> [ItemNavigation][CL][100] | NOT AUTH | DRAK_Cutlass_Black_850000000001[850000000001]|CSCItemNavigation::CalculateRoute|Projected Start Location is Checkmate for route to destination NavPoint_Dynamic_830000000555 [Team_CGP4][QuantumTravel]
<2026-10-03T18:07:51.000Z> [Error] <Invalid path> Could not resolve asset path 'Data/Objects/placeholder.cgf' [Team_Engine]
<2026-10-03T18:07:51.000Z> [Error] <Invalid path> Could not resolve asset path 'Data/Objects/placeholder.cgf' [Team_Engine]
<2026-10-03T18:07:51.000Z> [Notice] <Query Inventory> Querying inventory for container [Team_CoreGameplayFeatures][Inventory]
<2026-10-03T18:07:51.000Z> [Notice] <Socket Send Error (Ignore)> socket buffer full, retrying [Team_Network]
<2026-10-03T18:07:51.000Z> [Warning] <InitializeSlotMetadata_Failed> Slot metadata missing for port 'hardpoint_util_01' [Team_Vehicles]
<2026-10-03T18:09:00.000Z> [Notice] <Quantum Drive Arrived - Arrived at Final Destination> [ItemNavigation][CL][100] | NOT AUTH | DRAK_Cutlass_Black_850000000001[850000000001]|CSCItemNavigation::OnQuantumDriveArrived|Quantum Drive has arrived at final destination [Team_CGP4][QuantumTravel]
<2026-10-03T18:09:05.000Z> [Notice] <SHUDEvent_OnNotification> Added notification "Entered Monitored Space: " [21] to queue. New queue size: 1, MissionId: [00000000-0000-0000-0000-000000000000], ObjectiveId: [] [Team_CoreGameplayFeatures][Missions][Comms]
<2026-10-03T18:09:05.000Z>    "Entered Monitored Space: " [21]
<2026-10-03T18:09:20.000Z> [Notice] <SHUDEvent_OnNotification> Added notification "Exited Monitored Space: " [22] to queue. New queue size: 1, MissionId: [00000000-0000-0000-0000-000000000000], ObjectiveId: [] [Team_CoreGameplayFeatures][Missions][Comms]
<2026-10-03T18:09:20.000Z>    "Exited Monitored Space: " [22]
<2026-10-03T18:10:00.000Z> [Notice] <Vehicle Control Flow> CVehicleMovementBase::ClearDriver: Local client node [200000000001] releasing control token for 'DRAK_Cutlass_Black_850000000001' [850000000001] [Team_CGP4][Vehicle]
<2026-10-03T18:10:05.000Z> [Notice] <RequestLocationInventory> Player[DemoPilot] requested inventory for Location[Outpost_OLP_Pyro2_Ashgrove] [Team_CoreGameplayFeatures][Inventory]
<2026-10-03T18:10:10.000Z> [Notice] <SHUDEvent_OnNotification> Added notification "Entering Private Property: " [23] to queue. New queue size: 1, MissionId: [00000000-0000-0000-0000-000000000000], ObjectiveId: [] [Team_CoreGameplayFeatures][Missions][Comms]
<2026-10-03T18:10:10.000Z>    "Entering Private Property: " [23]
<2026-10-03T18:10:40.000Z> [Notice] <SHUDEvent_OnNotification> Added notification "Objective Complete: Travel to the outpost: " [24] to queue. New queue size: 1, MissionId: [00000000-0000-0000-0000-000000000000], ObjectiveId: [] [Team_CoreGameplayFeatures][Missions][Comms]
<2026-10-03T18:10:40.000Z>    "Objective Complete: Travel to the outpost: " [24]
<2026-10-03T18:10:41.000Z> [Notice] <SHUDEvent_OnNotification> Added notification "New Objective: Clear the outpost: " [25] to queue. New queue size: 1, MissionId: [00000000-0000-0000-0000-000000000000], ObjectiveId: [] [Team_CoreGameplayFeatures][Missions][Comms]
<2026-10-03T18:10:41.000Z>    "New Objective: Clear the outpost: " [25]
<2026-10-03T18:11:05.000Z> [Notice] <[ActorState] Place> [ACTOR STATE][CSCActorControlAdditiveStatePlace::DoPlace] 'DemoPilot' [200000000001] placed 'Fuse_subItem_standard_830000000710' [830000000710] in lootable container 'GPI_Door_1slot_830000000700' [830000000700] [Team_ActorFeatures][Actor]
<2026-10-03T18:11:18.000Z> [Notice] <[ActorState] Place> [ACTOR STATE][CSCActorControlAdditiveStatePlace::DoPlace] 'DemoPilot' [200000000001] placed 'Fuse_subItem_standard_830000000711' [830000000711] in lootable container 'GPI_Door_1slot_830000000701' [830000000701] [Team_ActorFeatures][Actor]
<2026-10-03T18:11:30.000Z> [Notice] <[ActorState] Place> [ACTOR STATE][CSCActorControlAdditiveStatePlace::DoPlace] 'DemoPilot' [200000000001] placed 'FPS_Consumable_HackingChip_Level_1_Access_830000000712' [830000000712] in lootable container 'Slot_Removable_Chip_Access_Level_1_830000000702' [830000000702] [Team_ActorFeatures][Actor]
<2026-10-03T18:11:40.000Z> [Notice] <SHUDEvent_OnNotification> Added notification "Minor Injury Detected - Left arm - Tier 3 Treatment Required : " [26] to queue. New queue size: 1, MissionId: [00000000-0000-0000-0000-000000000000], ObjectiveId: [] [Team_CoreGameplayFeatures][Missions][Comms]
<2026-10-03T18:11:40.000Z>    "Minor Injury Detected - Left arm - Tier 3 Treatment Required : " [26]
<2026-10-03T18:11:41.000Z> [Notice] <AttachmentReceived> Player[DemoPilot] Attachment[body_01, utility_flashlight_01, 830000000123] Status[persistent] Port[utility_attach] [Team_ActorFeatures]
<2026-10-03T18:11:41.000Z> [Notice] <AttachmentReceived> Player[DemoPilot] Attachment[body_01, utility_flashlight_01, 830000000123] Status[persistent] Port[utility_attach] [Team_ActorFeatures]
<2026-10-03T18:11:41.000Z> [Notice] <Query Inventory> Querying inventory for container [Team_CoreGameplayFeatures][Inventory]
<2026-10-03T18:11:41.000Z> [Notice] <Query Inventory> Querying inventory for container [Team_CoreGameplayFeatures][Inventory]
<2026-10-03T18:11:41.000Z> [Error] <Invalid path> Could not resolve asset path 'Data/Objects/placeholder.cgf' [Team_Engine]
<2026-10-03T18:12:40.000Z> [Notice] <SHUDEvent_OnNotification> Added notification "Objective Complete: Clear the outpost: " [27] to queue. New queue size: 1, MissionId: [00000000-0000-0000-0000-000000000000], ObjectiveId: [] [Team_CoreGameplayFeatures][Missions][Comms]
<2026-10-03T18:12:40.000Z>    "Objective Complete: Clear the outpost: " [27]
<2026-10-03T18:12:42.000Z> [Notice] <SHUDEvent_OnNotification> Added notification "Contract Complete: Hostile Takeover: " [28] to queue. New queue size: 1, MissionId: [5e3a1c2d-0b7e-4f1a-9c3d-2a6b8e4f1d07], ObjectiveId: [] [Team_CoreGameplayFeatures][Missions][Comms]
<2026-10-03T18:12:42.000Z>    "Contract Complete: Hostile Takeover: " [28]
<2026-10-03T18:12:42.000Z> [Notice] <EndMission> Ending mission for player. MissionId[5e3a1c2d-0b7e-4f1a-9c3d-2a6b8e4f1d07] Player[DemoPilot] PlayerId[200000000001] CompletionType[Complete] Reason[Mission Ended] [Team_MissionFeatures][Missions]
<2026-10-03T18:12:45.000Z> [Notice] <SHUDEvent_OnNotification> Added notification "Received Blueprint: Demeco LMG <EM4>[BP]</EM4>: " [29] to queue. New queue size: 1, MissionId: [00000000-0000-0000-0000-000000000000], ObjectiveId: [] [Team_CoreGameplayFeatures][Missions][Comms]
<2026-10-03T18:12:45.000Z>    "Received Blueprint: Demeco LMG <EM4>[BP]</EM4>: " [29]
<2026-10-03T18:12:50.000Z> [Notice] <SHUDEvent_OnNotification> Added notification "NovaRider has sent you:
<2026-10-03T18:12:50.000Z> 50,000 aUEC
<2026-10-03T18:12:50.000Z>  : " [30] to queue. New queue size: 1, MissionId: [00000000-0000-0000-0000-000000000000], ObjectiveId: [] [Team_CoreGameplayFeatures][Missions][Comms]
<2026-10-03T18:12:50.000Z>    "NovaRider has sent you:
<2026-10-03T18:13:00.000Z> [Notice] <SHUDEvent_OnNotification> Added notification "Leaving Private Property: " [31] to queue. New queue size: 1, MissionId: [00000000-0000-0000-0000-000000000000], ObjectiveId: [] [Team_CoreGameplayFeatures][Missions][Comms]
<2026-10-03T18:13:00.000Z>    "Leaving Private Property: " [31]
<2026-10-03T18:13:40.000Z> [Notice] <SHUDEvent_OnNotification> Added notification "Crime Committed: Trespassing: " [32] to queue. New queue size: 1, MissionId: [00000000-0000-0000-0000-000000000000], ObjectiveId: [] [Team_CoreGameplayFeatures][Missions][Comms]
<2026-10-03T18:13:40.000Z>    "Crime Committed: Trespassing: " [32]
<2026-10-03T18:13:41.000Z> [Notice] <SHUDEvent_OnNotification> Added notification "CrimeStat Rating Increased: " [33] to queue. New queue size: 1, MissionId: [00000000-0000-0000-0000-000000000000], ObjectiveId: [] [Team_CoreGameplayFeatures][Missions][Comms]
<2026-10-03T18:13:41.000Z>    "CrimeStat Rating Increased: " [33]
<2026-10-03T18:15:00.000Z> [Notice] <[ActorState] Dead> [ACTOR STATE][CSCActorControlStateDead::PrePhysicsUpdate] Actor 'DemoPilot' [200000000001] ejected from zone 'DRAK_Cutlass_Black_850000000001' [850000000001] to zone 'pyro2' [830000000001] due to previous zone being in a destroyed vehicle with detached interior. [Team_ActorFeatures][Actor]
<2026-10-03T18:15:05.000Z> [Notice] <SHUDEvent_OnNotification> Added notification "Standby, Local Emergency Services Are En Route: " [34] to queue. New queue size: 1, MissionId: [00000000-0000-0000-0000-000000000000], ObjectiveId: [] [Team_CoreGameplayFeatures][Missions][Comms]
<2026-10-03T18:15:05.000Z>    "Standby, Local Emergency Services Are En Route: " [34]
<2026-10-03T18:15:06.000Z> [Notice] <AttachmentReceived> Player[DemoPilot] Attachment[body_01, utility_flashlight_01, 830000000123] Status[persistent] Port[utility_attach] [Team_ActorFeatures]
<2026-10-03T18:15:06.000Z> [Notice] <CPU Particle Limit reached> Particle budget exceeded for effect 'fx_dust_generic' [Team_VFX]
<2026-10-03T18:15:06.000Z> [Notice] <CPU Particle Limit reached> Particle budget exceeded for effect 'fx_dust_generic' [Team_VFX]
<2026-10-03T18:15:06.000Z> [Warning] <InitializeSlotMetadata_Failed> Slot metadata missing for port 'hardpoint_util_01' [Team_Vehicles]
<2026-10-03T18:16:00.000Z> [Notice] <MED BED HEAL> Actor: DemoPilot (Non-Authoritative CLIENT: DemoPilot) | [CEntityComponentMedBed::HandleComponentEvent:1101] | -> Perform surgery event Success, med bed name: Bed_Single_Medical_Cutlass, vehicle name: @vehicle_NameDRAK_Cutlass_Red, head: false torso: true leftArm: true rightArm: false leftLeg: false rightLeg: false [Team_ActorFeatures]
<2026-10-03T18:16:30.000Z> [Notice] <SHUDEvent_OnNotification> Added notification "Party
<2026-10-03T18:16:30.000Z> Wingman_Alpha disconnected.: " [35] to queue. New queue size: 1, MissionId: [00000000-0000-0000-0000-000000000000], ObjectiveId: [] [Team_CoreGameplayFeatures][Missions][Comms]
<2026-10-03T18:16:30.000Z>    "Party
<2026-10-03T18:16:31.000Z> [Notice] <CPU Particle Limit reached> Particle budget exceeded for effect 'fx_dust_generic' [Team_VFX]
<2026-10-03T18:16:31.000Z> [Notice] <AttachmentReceived> Player[DemoPilot] Attachment[body_01, utility_flashlight_01, 830000000123] Status[persistent] Port[utility_attach] [Team_ActorFeatures]
<2026-10-03T18:16:31.000Z> [Error] <Invalid path> Could not resolve asset path 'Data/Objects/placeholder.cgf' [Team_Engine]
<2026-10-03T18:17:00.000Z> [Notice] <Channel Disconnected> cause=30016 reason="DisconnectCmd: disconnect light ExitToMenu" frame=1 isRemote=0 viewState=eCVS_InGame map="megamap" gamerules="SC_Default" hostType="Replicant" [Team_Network]
<2026-10-03T18:17:01.000Z> [Notice] <Channel Disconnected> cause=30016 reason="Remote Disconnect - Player requested disconnect" frame=1 isRemote=1 viewState=eCVS_InGame map="megamap" gamerules="SC_Default" hostType="Replicant" [Team_Network]
<2026-10-03T18:17:20.000Z> [Notice] <SystemQuit> CSystem::Quit invoked with - cause=30016, reason=User closed the application, exitCode=0 [Team_Unknown][System]
